// Jest Snapshot v1, https://jestjs.io/docs/snapshot-testing

exports[`Components/Markdown Default smoke-test 1`] = `
<div class="bg-black text-orange-100  font-sans">
  <h1 id="subito-circumvenio-calamitas"
      node="[object Object]"
  >
    subito circumvenio calamitas
  </h1>
  <h2 id="ipsa-super"
      node="[object Object]"
  >
    ipsa super
  </h2>
  <p>
    Vomer stillicidium denique cruciamentum conicio suspendo. Adulatio cubicularis taceo auctor atque exercitationem. Reiciendis ulciscor surculus perferendis suppono commodi conturbo.
  </p>
  <h3 id="calco-claudeo"
      node="[object Object]"
  >
    calco claudeo
  </h3>
  <p>
    Aliquam damno curvo depulso cursim color cursim varietas. Desipio quia ancilla comes cuppedia usitas casso denuncio voro earum. Animi trepide pax impedit conicio cognomen cur.
  </p>
  <h3 id="stabilis-utique"
      node="[object Object]"
  >
    stabilis utique
  </h3>
  <p>
    Sortitus occaecati quibusdam spero turbo agnosco tenax. Autem mollitia allatus vae. Supra acceptus paens iusto articulus argumentum sub comis.
  </p>
  <h3 id="stultus-iste"
      node="[object Object]"
  >
    stultus iste
  </h3>
  <p>
    Vespillo turba contabesco adimpleo cogo cubicularis. Vulnero constans tempus optio stultus arcus cubitum caput. Dolores sophismata amiculum aperte comminor.
  </p>
  <h2 id="solvo-tyrannus"
      node="[object Object]"
  >
    solvo tyrannus
  </h2>
  <p>
    Ultra creo comes considero assumenda tricesimus confido. Nesciunt enim abbas voveo ventosus beatus clarus. Veniam vorago causa magni timor cruentus suus.
  </p>
  <h3 id="arto-paulatim"
      node="[object Object]"
  >
    arto paulatim
  </h3>
  <p>
    Vorago ager cursus bardus defendo infit aliquid clibanus vestigium. Defluo tardus talis administratio suggero tumultus asperiores. Cito cohibeo sono amoveo sono valens subito decerno debitis.
  </p>
  <h3 id="teneo-maxime"
      node="[object Object]"
  >
    teneo maxime
  </h3>
  <p>
    Nostrum tot conduco. Tandem natus tantillus ager unde trado verbera aperiam aggredior aptus. Curriculum libero annus baiulus tondeo delibero.
  </p>
  <h3 id="titulus-absens"
      node="[object Object]"
  >
    titulus absens
  </h3>
  <p>
    Vicissitudo non basium supellex cras sordeo adamo. Adduco tamdiu demergo animus illo aeger solitudo vulnus. Natus ambulo subseco solvo admiratio textor earum cursim tertius.
  </p>
  <h2 id="cupiditas-denique"
      node="[object Object]"
  >
    cupiditas denique
  </h2>
  <p>
    Commemoro tutis audentia cur. Capillus veritatis versus aliqua delectus desipio combibo adiuvo carbo allatus. Timor vehemens adimpleo cogito.
  </p>
  <h3 id="vomer-fugit"
      node="[object Object]"
  >
    vomer fugit
  </h3>
  <p>
    Abscido deorsum voveo corrupti alo deinde vix congregatio. Thermae bellicus decipio sumo cunctatio aufero volaticus soleo uredo. Cenaculum desipio aegre.
  </p>
  <h3 id="vulgo-capillus"
      node="[object Object]"
  >
    vulgo capillus
  </h3>
  <p>
    Benigne amiculum candidus coerceo reiciendis. Conturbo abscido copiose explicabo arx. Clarus ratione acquiro valens acceptus antepono tergiversatio.
  </p>
  <h3 id="adipisci-sum"
      node="[object Object]"
  >
    adipisci sum
  </h3>
  <p>
    Ut sulum vitae curtus uterque constans vetus arcesso vilicus tristis. Anser patior acceptus supplanto absens ago caelum utique convoco. Minus caelum mollitia solvo coadunatio curatio defessus.
  </p>
</div>
`;
