// Jest Snapshot v1, https://jestjs.io/docs/snapshot-testing

exports[`Components/NavBar Default smoke-test 1`] = `
<div class="bg-black text-orange-100  font-sans">
  <header class="w-full text-black bg-orange-600 p-4"
          id="main-nav"
  >
    <div class="container mx-auto px-3">
      <a class="font-black uppercase text-5xl"
         href="/"
         data-discover="true"
         style="font-family: &quot;Bebas Neue&quot;, cursive;"
      >
        James Amner
      </a>
    </div>
  </header>
</div>
`;
