// Jest Snapshot v1, https://goo.gl/fbAQLP

exports[`Components/Table of Contents Default smoke-test 1`] = `
<div class="bg-slate-100 dark:bg-slate-900 text-slate-900 dark:text-slate-300">
  <div class="py-3">
    <h2 class="text-lg font-black font-sans uppercase my-2">
      Contents
    </h2>
    <ul class="text-sm list-disc">
      <li>
        <a href="#subito-circumvenio-calamitas">
          <div class="prose prose-slate dark:prose-invert prose-sm">
            <p>
              subito circumvenio calamitas
            </p>
          </div>
        </a>
      </li>
      <li style="margin-left: 2rem;">
        <a href="#ipsa-super">
          <div class="prose prose-slate dark:prose-invert prose-sm">
            <p>
              ipsa super
            </p>
          </div>
        </a>
      </li>
      <li style="margin-left: 3rem;">
        <a href="#calco-claudeo">
          <div class="prose prose-slate dark:prose-invert prose-sm">
            <p>
              calco claudeo
            </p>
          </div>
        </a>
      </li>
      <li style="margin-left: 3rem;">
        <a href="#stabilis-utique">
          <div class="prose prose-slate dark:prose-invert prose-sm">
            <p>
              stabilis utique
            </p>
          </div>
        </a>
      </li>
      <li style="margin-left: 3rem;">
        <a href="#stultus-iste">
          <div class="prose prose-slate dark:prose-invert prose-sm">
            <p>
              stultus iste
            </p>
          </div>
        </a>
      </li>
      <li style="margin-left: 2rem;">
        <a href="#solvo-tyrannus">
          <div class="prose prose-slate dark:prose-invert prose-sm">
            <p>
              solvo tyrannus
            </p>
          </div>
        </a>
      </li>
      <li style="margin-left: 3rem;">
        <a href="#arto-paulatim">
          <div class="prose prose-slate dark:prose-invert prose-sm">
            <p>
              arto paulatim
            </p>
          </div>
        </a>
      </li>
      <li style="margin-left: 3rem;">
        <a href="#teneo-maxime">
          <div class="prose prose-slate dark:prose-invert prose-sm">
            <p>
              teneo maxime
            </p>
          </div>
        </a>
      </li>
      <li style="margin-left: 3rem;">
        <a href="#titulus-absens">
          <div class="prose prose-slate dark:prose-invert prose-sm">
            <p>
              titulus absens
            </p>
          </div>
        </a>
      </li>
      <li style="margin-left: 2rem;">
        <a href="#cupiditas-denique">
          <div class="prose prose-slate dark:prose-invert prose-sm">
            <p>
              cupiditas denique
            </p>
          </div>
        </a>
      </li>
      <li style="margin-left: 3rem;">
        <a href="#vomer-fugit">
          <div class="prose prose-slate dark:prose-invert prose-sm">
            <p>
              vomer fugit
            </p>
          </div>
        </a>
      </li>
      <li style="margin-left: 3rem;">
        <a href="#vulgo-capillus">
          <div class="prose prose-slate dark:prose-invert prose-sm">
            <p>
              vulgo capillus
            </p>
          </div>
        </a>
      </li>
      <li style="margin-left: 3rem;">
        <a href="#adipisci-sum">
          <div class="prose prose-slate dark:prose-invert prose-sm">
            <p>
              adipisci sum
            </p>
          </div>
        </a>
      </li>
    </ul>
  </div>
</div>
`;
