// Jest Snapshot v1, https://jestjs.io/docs/snapshot-testing

exports[`Layout/Article Default smoke-test 1`] = `
<div class="bg-black text-orange-100  font-sans">
  <div class="container mx-auto">
    <div class="p-5">
      <div class="flex flex-col md:flex-row mb-5 gap-5 md:items-stretch">
        <div class="basis-1/3">
        </div>
        <div class="w-full">
          <p>
            Circumvenio calamitas ipsa super curo vomer stillicidium denique.
          </p>
          <p>
            Conicio suspendo decens adulatio cubicularis taceo. Atque exercitationem exercitationem reiciendis.
          </p>
          <p>
            Surculus perferendis suppono commodi conturbo calco claudeo quos aliquam. Curvo depulso cursim color cursim varietas. Desipio quia ancilla comes cuppedia usitas casso denuncio voro earum.
          </p>
          <p>
            Animi trepide pax impedit conicio cognomen cur. Utique dolore sortitus occaecati quibusdam spero turbo agnosco. Careo autem mollitia allatus vae quis supra acceptus paens. Articulus argumentum sub comis stultus iste creta.
          </p>
          <p>
            Turba contabesco adimpleo cogo cubicularis sufficio vulnero constans tempus optio. Arcus cubitum caput coniecto dolores sophismata amiculum aperte. Solvo tyrannus ipsum ultra creo. Considero assumenda tricesimus confido ipsam. Enim abbas voveo ventosus beatus clarus eius.
          </p>
        </div>
      </div>
    </div>
  </div>
</div>
`;
