// Jest Snapshot v1, https://goo.gl/fbAQLP

exports[`Components/Timeline Default smoke-test 1`] = `
<div class="bg-black text-orange-100  font-sans">
  <div class="flex flex-col">
    <ol class="relative w-full flex snap-x snap-mandatory overflow-x-auto no-scrollbar">
      <li class="group snap-always snap-start  shrink-0 w-9/12 last:w-full"
          title="visualize real-time markets"
      >
        <div class="mt-1.5 w-full h-1 bg-orange-600">
        </div>
        <div class="absolute w-4 h-4 mt-2.5 -top-2.5 bg-orange-600 rounded-full">
        </div>
        <div class="mt-3">
          <h3 class="w-full text-left text-4xl font-black mb-2 uppercase"
              style="font-family: &quot;Bebas Neue&quot;; font-style: normal; font-weight: 400;"
          >
            International Response Manager
          </h3>
          <h4 class="text-lg">
            <a class="underline hover:text-orange-600 hover:no-underline"
               target="_blank"
               href="https://growing-rationale.info/"
            >
              Reichel Inc
            </a>
          </h4>
          <span class="text-sm">
            March 2020 - Present
          </span>
        </div>
      </li>
      <li class="group snap-always snap-start  shrink-0 w-9/12 last:w-full"
          title="unleash synergistic supply-chains"
      >
        <div class="mt-1.5 w-full h-1 bg-orange-600">
        </div>
        <div class="absolute w-4 h-4 mt-2.5 -top-2.5 bg-orange-600 rounded-full">
        </div>
        <div class="mt-3">
          <h3 class="w-full text-left text-4xl font-black mb-2 uppercase"
              style="font-family: &quot;Bebas Neue&quot;; font-style: normal; font-weight: 400;"
          >
            International Usability Administrator
          </h3>
          <h4 class="text-lg">
            <a class="underline hover:text-orange-600 hover:no-underline"
               target="_blank"
               href="https://partial-adviser.net/"
            >
              Hermiston, Ward and Cormier
            </a>
          </h4>
          <span class="text-sm">
            March 2020 - Present
          </span>
        </div>
      </li>
      <li class="group snap-always snap-start  shrink-0 w-9/12 last:w-full"
          title="embrace interactive users"
      >
        <div class="mt-1.5 w-full h-1 bg-orange-600">
        </div>
        <div class="absolute w-4 h-4 mt-2.5 -top-2.5 bg-orange-600 rounded-full">
        </div>
        <div class="mt-3">
          <h3 class="w-full text-left text-4xl font-black mb-2 uppercase"
              style="font-family: &quot;Bebas Neue&quot;; font-style: normal; font-weight: 400;"
          >
            Investor Division Manager
          </h3>
          <h4 class="text-lg">
            <a class="underline hover:text-orange-600 hover:no-underline"
               target="_blank"
               href="https://critical-equal.org/"
            >
              Braun LLC
            </a>
          </h4>
          <span class="text-sm">
            March 2020 - Present
          </span>
        </div>
      </li>
      <li class="group snap-always snap-start  shrink-0 w-9/12 last:w-full"
          title="exploit sustainable lifetime value"
      >
        <div class="mt-1.5 w-full h-1 bg-orange-600">
        </div>
        <div class="absolute w-4 h-4 mt-2.5 -top-2.5 bg-orange-600 rounded-full">
        </div>
        <div class="mt-3">
          <h3 class="w-full text-left text-4xl font-black mb-2 uppercase"
              style="font-family: &quot;Bebas Neue&quot;; font-style: normal; font-weight: 400;"
          >
            National Markets Associate
          </h3>
          <h4 class="text-lg">
            <a class="underline hover:text-orange-600 hover:no-underline"
               target="_blank"
               href="https://dapper-redesign.net/"
            >
              Armstrong Group
            </a>
          </h4>
          <span class="text-sm">
            March 2020 - Present
          </span>
        </div>
      </li>
      <li class="group snap-always snap-start  shrink-0 w-9/12 last:w-full"
          title="embrace 24/7 systems"
      >
        <div class="mt-1.5 w-full h-1 bg-orange-600">
        </div>
        <div class="absolute w-4 h-4 mt-2.5 -top-2.5 bg-orange-600 rounded-full">
        </div>
        <div class="mt-3">
          <h3 class="w-full text-left text-4xl font-black mb-2 uppercase"
              style="font-family: &quot;Bebas Neue&quot;; font-style: normal; font-weight: 400;"
          >
            Customer Implementation Engineer
          </h3>
          <h4 class="text-lg">
            <a class="underline hover:text-orange-600 hover:no-underline"
               target="_blank"
               href="https://motionless-avalanche.info"
            >
              Rohan, Harber and Leannon
            </a>
          </h4>
          <span class="text-sm">
            March 2020 - Present
          </span>
        </div>
      </li>
      <li class="group snap-always snap-start  shrink-0 w-9/12 last:w-full"
          title="cultivate world-class experiences"
      >
        <div class="mt-1.5 w-full h-1 bg-orange-600">
        </div>
        <div class="absolute w-4 h-4 mt-2.5 -top-2.5 bg-orange-600 rounded-full">
        </div>
        <div class="mt-3">
          <h3 class="w-full text-left text-4xl font-black mb-2 uppercase"
              style="font-family: &quot;Bebas Neue&quot;; font-style: normal; font-weight: 400;"
          >
            Direct Brand Planner
          </h3>
          <h4 class="text-lg">
            <a class="underline hover:text-orange-600 hover:no-underline"
               target="_blank"
               href="https://squiggly-descendant.info"
            >
              Gutkowski - Rempel
            </a>
          </h4>
          <span class="text-sm">
            March 2020 - Present
          </span>
        </div>
      </li>
      <li class="group snap-always snap-start  shrink-0 w-9/12 last:w-full"
          title="redefine cutting-edge ROI"
      >
        <div class="mt-1.5 w-full h-1 bg-orange-600">
        </div>
        <div class="absolute w-4 h-4 mt-2.5 -top-2.5 bg-orange-600 rounded-full">
        </div>
        <div class="mt-3">
          <h3 class="w-full text-left text-4xl font-black mb-2 uppercase"
              style="font-family: &quot;Bebas Neue&quot;; font-style: normal; font-weight: 400;"
          >
            International Division Representative
          </h3>
          <h4 class="text-lg">
            <a class="underline hover:text-orange-600 hover:no-underline"
               target="_blank"
               href="https://subtle-coil.net"
            >
              Reichel - Fritsch
            </a>
          </h4>
          <span class="text-sm">
            March 2020 - Present
          </span>
        </div>
      </li>
      <li class="group snap-always snap-start  shrink-0 w-9/12 last:w-full"
          title="repurpose plug-and-play smart contracts"
      >
        <div class="mt-1.5 w-full h-1 bg-orange-600">
        </div>
        <div class="absolute w-4 h-4 mt-2.5 -top-2.5 bg-orange-600 rounded-full">
        </div>
        <div class="mt-3">
          <h3 class="w-full text-left text-4xl font-black mb-2 uppercase"
              style="font-family: &quot;Bebas Neue&quot;; font-style: normal; font-weight: 400;"
          >
            Human Division Architect
          </h3>
          <h4 class="text-lg">
            <a class="underline hover:text-orange-600 hover:no-underline"
               target="_blank"
               href="https://insecure-ethyl.com"
            >
              Kuhn - Kessler
            </a>
          </h4>
          <span class="text-sm">
            March 2020 - Present
          </span>
        </div>
      </li>
      <li class="group snap-always snap-start  shrink-0 w-9/12 last:w-full"
          title="revolutionize real-time content"
      >
        <div class="mt-1.5 w-full h-1 bg-orange-600">
        </div>
        <div class="absolute w-4 h-4 mt-2.5 -top-2.5 bg-orange-600 rounded-full">
        </div>
        <div class="mt-3">
          <h3 class="w-full text-left text-4xl font-black mb-2 uppercase"
              style="font-family: &quot;Bebas Neue&quot;; font-style: normal; font-weight: 400;"
          >
            Chief Web Supervisor
          </h3>
          <h4 class="text-lg">
            <a class="underline hover:text-orange-600 hover:no-underline"
               target="_blank"
               href="https://obvious-devil.net"
            >
              Medhurst - Botsford
            </a>
          </h4>
          <span class="text-sm">
            March 2020 - Present
          </span>
        </div>
      </li>
      <li class="group snap-always snap-start  shrink-0 w-9/12 last:w-full"
          title="architect enterprise users"
      >
        <div class="mt-1.5 w-full h-1 bg-gradient-to-r from-orange-600 to-transparent">
        </div>
        <div class="absolute w-4 h-4 mt-2.5 -top-2.5 bg-orange-600 rounded-full">
        </div>
        <div class="mt-3">
          <h3 class="w-full text-left text-4xl font-black mb-2 uppercase"
              style="font-family: &quot;Bebas Neue&quot;; font-style: normal; font-weight: 400;"
          >
            Lead Program Engineer
          </h3>
          <h4 class="text-lg">
            <a class="underline hover:text-orange-600 hover:no-underline"
               target="_blank"
               href="https://slow-representation.name/"
            >
              Torphy Inc
            </a>
          </h4>
          <span class="text-sm">
            March 2020 - Present
          </span>
        </div>
      </li>
    </ol>
    <div class="ml-auto my-3">
      <button class="p-2 w-10 h-10 mx-3 bg-orange-600 text-orange-100 hover:bg-white hover:text-black hover:cursor-pointer disabled:opacity-50 disabled:cursor-default"
              name="Previous"
              aria-label="Previous event"
              disabled
      >
        <svg class="w-6 h-6"
             fill="none"
             stroke="currentColor"
             viewbox="0 0 24 24"
        >
          <path stroke-linecap="round"
                stroke-linejoin="round"
                stroke-width="2"
                d="M15 19l-7-7 7-7"
          >
          </path>
        </svg>
      </button>
      <button class="p-2 w-10 h-10 mx-3 bg-orange-600 text-orange-100 hover:bg-white hover:text-black hover:cursor-pointer disabled:opacity-50 disabled:cursor-default"
              name="Next"
              aria-label="Next event"
      >
        <svg class="w-6 h-6"
             fill="none"
             stroke="currentColor"
             viewbox="0 0 24 24"
        >
          <path stroke-linecap="round"
                stroke-linejoin="round"
                stroke-width="2"
                d="M9 5l7 7-7 7"
          >
          </path>
        </svg>
      </button>
    </div>
    <div class="flex justify-between flex-col md:flex-row">
      <div class="prose px-3 md:px-0 prose-invert">
        <h1 id="adulatio-cubicularis-taceo"
            node="[object Object]"
        >
          adulatio cubicularis taceo
        </h1>
        <h2 id="auctor-atque"
            node="[object Object]"
        >
          auctor atque
        </h2>
        <p>
          Exercitationem reiciendis ulciscor surculus perferendis suppono commodi. Calco claudeo quos aliquam damno. Depulso cursim color cursim varietas vinco.
        </p>
        <h3 id="desipio-quia"
            node="[object Object]"
        >
          desipio quia
        </h3>
        <p>
          Comes cuppedia usitas. Denuncio voro earum placeat animi. Pax impedit conicio cognomen cur stabilis utique dolore sortitus.
        </p>
        <h3 id="occaecati-quibusdam"
            node="[object Object]"
        >
          occaecati quibusdam
        </h3>
        <p>
          Turbo agnosco tenax careo autem mollitia allatus vae. Supra acceptus paens iusto articulus argumentum sub comis. Iste creta vespillo turba contabesco adimpleo cogo cubicularis.
        </p>
        <h3 id="sufficio-vulnero"
            node="[object Object]"
        >
          sufficio vulnero
        </h3>
        <p>
          Tempus optio stultus arcus cubitum. Coniecto dolores sophismata amiculum. Comminor solvo tyrannus ipsum.
        </p>
        <h2 id="ultra-creo"
            node="[object Object]"
        >
          ultra creo
        </h2>
        <p>
          Considero assumenda tricesimus confido ipsam. Enim abbas voveo ventosus beatus clarus eius. Vorago causa magni timor cruentus suus arto paulatim uredo vorago.
        </p>
        <h3 id="ager-cursus"
            node="[object Object]"
        >
          ager cursus
        </h3>
        <p>
          Defendo infit aliquid clibanus. Modi defluo tardus talis administratio suggero tumultus asperiores terminatio cito. Sono amoveo sono valens subito.
        </p>
        <h3 id="decerno-debitis"
            node="[object Object]"
        >
          decerno debitis
        </h3>
        <p>
          Maxime ago nostrum tot conduco vestigium tandem natus tantillus. Unde trado verbera. Aggredior aptus cubitum curriculum.
        </p>
        <h3 id="libero-annus"
            node="[object Object]"
        >
          libero annus
        </h3>
        <p>
          Tondeo delibero titulus absens. Vicissitudo non basium supellex cras sordeo adamo. Adduco tamdiu demergo animus illo aeger solitudo vulnus.
        </p>
        <h2 id="tenus-natus"
            node="[object Object]"
        >
          tenus natus
        </h2>
        <p>
          Subseco solvo admiratio. Earum cursim tertius cupiditas denique attonbitus commemoro tutis audentia. Vox capillus veritatis versus aliqua delectus.
        </p>
        <h3 id="desipio-combibo"
            node="[object Object]"
        >
          desipio combibo
        </h3>
        <p>
          Carbo allatus capitulus. Vehemens adimpleo cogito vomer fugit quidem abscido deorsum voveo. Alo deinde vix congregatio thermae thermae.
        </p>
        <h3 id="bellicus-decipio"
            node="[object Object]"
        >
          bellicus decipio
        </h3>
        <p>
          Cunctatio aufero volaticus soleo uredo acies cenaculum desipio. Vulgo capillus corrumpo. Amiculum candidus coerceo reiciendis.
        </p>
        <h3 id="cicuta-conturbo"
            node="[object Object]"
        >
          cicuta conturbo
        </h3>
        <p>
          Copiose explicabo arx. Clarus ratione acquiro valens acceptus antepono tergiversatio. Sum volup ut.
        </p>
      </div>
    </div>
  </div>
</div>
`;
