// Jest Snapshot v1, https://jestjs.io/docs/snapshot-testing

exports[`Components/Timeline Default smoke-test 1`] = `
<div class="bg-black text-orange-100  font-sans">
  <div class="flex flex-col">
    <ol class="relative w-full flex snap-x snap-mandatory overflow-x-auto no-scrollbar">
      <li class="group snap-always snap-start  shrink-0 w-9/12 last:w-full"
          title="visualize real-time markets"
      >
        <div class="mt-1.5 w-full h-1 bg-orange-600">
        </div>
        <div class="absolute w-4 h-4 mt-2.5 -top-2.5 bg-orange-600 rounded-full">
        </div>
        <div class="mt-3">
          <h3 class="w-full text-left text-4xl font-black mb-2 uppercase"
              style="font-family: &quot;Bebas Neue&quot;, cursive;"
          >
            International Response Manager
          </h3>
          <h4 class="text-lg">
            <a class="underline hover:text-orange-600 hover:no-underline"
               href="https://growing-rationale.info/"
               target="_blank"
            >
              Reichel Inc
            </a>
          </h4>
          <span class="text-sm">
            March 2020 - Present
          </span>
        </div>
      </li>
      <li class="group snap-always snap-start  shrink-0 w-9/12 last:w-full"
          title="integrate plug-and-play supply-chains"
      >
        <div class="mt-1.5 w-full h-1 bg-orange-600">
        </div>
        <div class="absolute w-4 h-4 mt-2.5 -top-2.5 bg-orange-600 rounded-full">
        </div>
        <div class="mt-3">
          <h3 class="w-full text-left text-4xl font-black mb-2 uppercase"
              style="font-family: &quot;Bebas Neue&quot;, cursive;"
          >
            Senior Markets Producer
          </h3>
          <h4 class="text-lg">
            <a class="underline hover:text-orange-600 hover:no-underline"
               href="https://plain-puppet.com"
               target="_blank"
            >
              Daniel - Lemke
            </a>
          </h4>
          <span class="text-sm">
            March 2020 - Present
          </span>
        </div>
      </li>
      <li class="group snap-always snap-start  shrink-0 w-9/12 last:w-full"
          title="harness intuitive large language models"
      >
        <div class="mt-1.5 w-full h-1 bg-orange-600">
        </div>
        <div class="absolute w-4 h-4 mt-2.5 -top-2.5 bg-orange-600 rounded-full">
        </div>
        <div class="mt-3">
          <h3 class="w-full text-left text-4xl font-black mb-2 uppercase"
              style="font-family: &quot;Bebas Neue&quot;, cursive;"
          >
            National Integration Specialist
          </h3>
          <h4 class="text-lg">
            <a class="underline hover:text-orange-600 hover:no-underline"
               href="https://intelligent-tarragon.org/"
               target="_blank"
            >
              Bosco Inc
            </a>
          </h4>
          <span class="text-sm">
            March 2020 - Present
          </span>
        </div>
      </li>
      <li class="group snap-always snap-start  shrink-0 w-9/12 last:w-full"
          title="engineer interactive web services"
      >
        <div class="mt-1.5 w-full h-1 bg-orange-600">
        </div>
        <div class="absolute w-4 h-4 mt-2.5 -top-2.5 bg-orange-600 rounded-full">
        </div>
        <div class="mt-3">
          <h3 class="w-full text-left text-4xl font-black mb-2 uppercase"
              style="font-family: &quot;Bebas Neue&quot;, cursive;"
          >
            Central Web Executive
          </h3>
          <h4 class="text-lg">
            <a class="underline hover:text-orange-600 hover:no-underline"
               href="https://pleasant-case.net"
               target="_blank"
            >
              Johns - Streich
            </a>
          </h4>
          <span class="text-sm">
            March 2020 - Present
          </span>
        </div>
      </li>
      <li class="group snap-always snap-start  shrink-0 w-9/12 last:w-full"
          title="target killer paradigms"
      >
        <div class="mt-1.5 w-full h-1 bg-orange-600">
        </div>
        <div class="absolute w-4 h-4 mt-2.5 -top-2.5 bg-orange-600 rounded-full">
        </div>
        <div class="mt-3">
          <h3 class="w-full text-left text-4xl font-black mb-2 uppercase"
              style="font-family: &quot;Bebas Neue&quot;, cursive;"
          >
            Customer Infrastructure Director
          </h3>
          <h4 class="text-lg">
            <a class="underline hover:text-orange-600 hover:no-underline"
               href="https://possible-pinstripe.org"
               target="_blank"
            >
              Johnson - Parker
            </a>
          </h4>
          <span class="text-sm">
            March 2020 - Present
          </span>
        </div>
      </li>
      <li class="group snap-always snap-start  shrink-0 w-9/12 last:w-full"
          title="target plug-and-play platforms"
      >
        <div class="mt-1.5 w-full h-1 bg-orange-600">
        </div>
        <div class="absolute w-4 h-4 mt-2.5 -top-2.5 bg-orange-600 rounded-full">
        </div>
        <div class="mt-3">
          <h3 class="w-full text-left text-4xl font-black mb-2 uppercase"
              style="font-family: &quot;Bebas Neue&quot;, cursive;"
          >
            Senior Accounts Engineer
          </h3>
          <h4 class="text-lg">
            <a class="underline hover:text-orange-600 hover:no-underline"
               href="https://parallel-massage.biz/"
               target="_blank"
            >
              Marquardt - Boyer
            </a>
          </h4>
          <span class="text-sm">
            March 2020 - Present
          </span>
        </div>
      </li>
      <li class="group snap-always snap-start  shrink-0 w-9/12 last:w-full"
          title="syndicate generative ROI"
      >
        <div class="mt-1.5 w-full h-1 bg-orange-600">
        </div>
        <div class="absolute w-4 h-4 mt-2.5 -top-2.5 bg-orange-600 rounded-full">
        </div>
        <div class="mt-3">
          <h3 class="w-full text-left text-4xl font-black mb-2 uppercase"
              style="font-family: &quot;Bebas Neue&quot;, cursive;"
          >
            Corporate Quality Specialist
          </h3>
          <h4 class="text-lg">
            <a class="underline hover:text-orange-600 hover:no-underline"
               href="https://impeccable-presume.org/"
               target="_blank"
            >
              Luettgen, Howell and Walsh
            </a>
          </h4>
          <span class="text-sm">
            March 2020 - Present
          </span>
        </div>
      </li>
      <li class="group snap-always snap-start  shrink-0 w-9/12 last:w-full"
          title="extend killer paradigms"
      >
        <div class="mt-1.5 w-full h-1 bg-orange-600">
        </div>
        <div class="absolute w-4 h-4 mt-2.5 -top-2.5 bg-orange-600 rounded-full">
        </div>
        <div class="mt-3">
          <h3 class="w-full text-left text-4xl font-black mb-2 uppercase"
              style="font-family: &quot;Bebas Neue&quot;, cursive;"
          >
            National Accounts Planner
          </h3>
          <h4 class="text-lg">
            <a class="underline hover:text-orange-600 hover:no-underline"
               href="https://compassionate-feather.name/"
               target="_blank"
            >
              Corwin, Jacobi and Fisher
            </a>
          </h4>
          <span class="text-sm">
            March 2020 - Present
          </span>
        </div>
      </li>
      <li class="group snap-always snap-start  shrink-0 w-9/12 last:w-full"
          title="drive synergistic functionalities"
      >
        <div class="mt-1.5 w-full h-1 bg-orange-600">
        </div>
        <div class="absolute w-4 h-4 mt-2.5 -top-2.5 bg-orange-600 rounded-full">
        </div>
        <div class="mt-3">
          <h3 class="w-full text-left text-4xl font-black mb-2 uppercase"
              style="font-family: &quot;Bebas Neue&quot;, cursive;"
          >
            Internal Infrastructure Facilitator
          </h3>
          <h4 class="text-lg">
            <a class="underline hover:text-orange-600 hover:no-underline"
               href="https://ordinary-lender.biz"
               target="_blank"
            >
              Halvorson Inc
            </a>
          </h4>
          <span class="text-sm">
            March 2020 - Present
          </span>
        </div>
      </li>
      <li class="group snap-always snap-start  shrink-0 w-9/12 last:w-full"
          title="whiteboard efficient mindshare"
      >
        <div class="mt-1.5 w-full h-1 bg-gradient-to-r from-orange-600 to-transparent">
        </div>
        <div class="absolute w-4 h-4 mt-2.5 -top-2.5 bg-orange-600 rounded-full">
        </div>
        <div class="mt-3">
          <h3 class="w-full text-left text-4xl font-black mb-2 uppercase"
              style="font-family: &quot;Bebas Neue&quot;, cursive;"
          >
            Principal Interactions Manager
          </h3>
          <h4 class="text-lg">
            <a class="underline hover:text-orange-600 hover:no-underline"
               href="https://immediate-rawhide.biz"
               target="_blank"
            >
              Leannon - Turcotte
            </a>
          </h4>
          <span class="text-sm">
            March 2020 - Present
          </span>
        </div>
      </li>
    </ol>
    <div class="ml-auto my-3">
      <button class="p-2 w-10 h-10 mx-3
                bg-orange-600 text-orange-100
                hover:bg-white hover:text-black
                hover:cursor-pointer
                disabled:opacity-50 disabled:cursor-default"
              name="Previous"
              aria-label="Previous event"
              disabled
      >
        <svg class="w-6 h-6"
             fill="none"
             stroke="currentColor"
             viewbox="0 0 24 24"
        >
          <path stroke-linecap="round"
                stroke-linejoin="round"
                stroke-width="2"
                d="M15 19l-7-7 7-7"
          >
          </path>
        </svg>
      </button>
      <button class="p-2 w-10 h-10 mx-3
                bg-orange-600 text-orange-100
                hover:bg-white hover:text-black
                hover:cursor-pointer
                disabled:opacity-50 disabled:cursor-default"
              name="Next"
              aria-label="Next event"
      >
        <svg class="w-6 h-6"
             fill="none"
             stroke="currentColor"
             viewbox="0 0 24 24"
        >
          <path stroke-linecap="round"
                stroke-linejoin="round"
                stroke-width="2"
                d="M9 5l7 7-7 7"
          >
          </path>
        </svg>
      </button>
    </div>
    <div class="flex justify-between flex-col md:flex-row">
      <div class="prose px-3 md:px-0 prose-invert">
      </div>
    </div>
  </div>
</div>
`;
