// Jest Snapshot v1, https://jestjs.io/docs/snapshot-testing

exports[`Atoms/Title Default smoke-test 1`] = `
<div class="bg-black text-orange-100  font-sans">
  <h2 class="tracking-tight uppercase text-6xl md:text-7xl lg:text-8xl text-orange-100 mb-5"
      style="font-family: &quot;Bebas Neue&quot;, cursive;"
  >
    Podenco Canario
  </h2>
</div>
`;
