// Jest Snapshot v1, https://goo.gl/fbAQLP

exports[`Header renders correctly 1`] = `
<div>
  <section
    class="bg-slate-200 py-5"
    id="title"
  >
    <div
      class="container mx-auto text-center py-5"
    >
      <h2
        class="font-sans text-xl font-black uppercase flex justify-center items-center w-full before:content before:w-full before:bg-slate-900 before:inline-block before:h-4 after:content after:w-full after:bg-slate-900 after:inline-block after:h-4"
      >
        <span
          class="basis-1/2"
        >
          Not Found
        </span>
      </h2>
      <h1
        class="font-sans text-9xl font-black uppercase mb-5"
      >
        Page Not Found
      </h1>
      <p>
        Something Here
      </p>
    </div>
  </section>
</div>
`;
