// Jest Snapshot v1, https://goo.gl/fbAQLP

exports[`Tabs renders correctly 1`] = `
<div>
  <div
    class="container mx-auto my-5 py-5"
  >
    <div
      class="flex items-end mb-5"
    >
      <h2
        class="text-lg font-sans font-semibold tracking-tight text-left font-black uppercase text-6xl break-words basis-1/3"
      >
        Techincal Skills
      </h2>
      <div
        class="w-full text-left uppercase text-2xl font-black"
      >
        <div
          class="mb-2"
        >
          Web Development
        </div>
        <div
          class="bg-black h-2 w-full"
          style="max-width: 0px;"
        />
      </div>
    </div>
    <div
      class="grid grid-cols-3"
    >
      <div
        class="flex flex-col"
      >
        <button
          aria-current="true"
          class="text-3xl font-bold text-right px-4 mr-3 text-gray-900"
          tabindex="0"
        >
          Test Post
        </button>
        <button
          aria-current="true"
          class="text-3xl font-bold text-right px-4 mr-3 text-gray-900"
          tabindex="1"
        >
          Test Post
        </button>
        <button
          aria-current="true"
          class="text-3xl font-bold text-right px-4 mr-3 text-gray-900"
          tabindex="2"
        >
          Test Post
        </button>
      </div>
      <div
        class="col-span-2 prose"
      >
        Lorem ipsum dolor sit amet, consectetur adipiscing elit. Duis sed eleifend ipsum. Donec mollis in metus a eleifend. Fusce efficitur eros vitae augue dignissim, sit amet sollicitudin urna pretium. Integer consectetur id mauris nec tempus. Phasellus ut gravida urna. Ut tempus sollicitudin enim. Nullam eget vehicula lectus, in elementum tortor. Nulla tempus lorem et eros eleifend, at suscipit augue tempor. Cras sit amet mauris sit amet justo interdum bibendum eget at dui. Etiam lectus massa, bibendum vel hendrerit sed, tincidunt sit amet nunc. Mauris sed massa dapibus, dapibus ante ut, accumsan dui.
      </div>
    </div>
  </div>
</div>
`;
